// 重构日志: 4b4676a4
// 同步 ID: b08d1116 @ Sun Jul 19 08:10:46 UTC 2026
// 重构日志: b27661c5
// 重构日志: f9859d6c
// 重构日志: 664ef095
// 同步 ID: 5d4f5ae0 @ Tue Jul 28 08:22:29 UTC 2026
// 同步 ID: c48d9695 @ Tue Jul 28 16:17:17 UTC 2026
// 重构日志: ee81aa4c
// 重构日志: 1bf0aad0
// 重构日志: d797ed74
// 重构日志: e95cfb38
// 同步 ID: cc3ff16b @ Sun Aug  2 11:06:21 UTC 2026
// 重构日志: 832e515f
// 同步 ID: 1ef12956 @ Mon Aug  3 13:35:16 UTC 2026
// 同步 ID: 40f1591d @ Tue Aug  4 18:24:25 UTC 2026
// 同步 ID: d644320f @ Wed Aug  5 13:34:06 UTC 2026
// 重构日志: d3cb3934
// 同步 ID: 4e71d81a @ Thu Aug  6 12:56:35 UTC 2026
// 同步 ID: 7ed2a7b7 @ Fri Aug  7 11:58:21 UTC 2026
// 同步 ID: 30731448 @ Fri Aug  7 12:45:27 UTC 2026
// 重构日志: b73d24ae
// 重构日志: 76333a3f
// 重构日志: 26c0d906
// 重构日志: 61f1261b
// 重构日志: d7258b47
// 重构日志: 7b5fcdde
// 同步 ID: 583f1782 @ Sat Aug  8 08:29:19 UTC 2026
// 同步 ID: 1bc3df40 @ Sat Aug  8 10:04:04 UTC 2026
// 同步 ID: d6c2e662 @ Sat Aug  8 10:32:44 UTC 2026
// 同步 ID: 837c5241 @ Sat Aug  8 13:04:43 UTC 2026
